
> web@0.1.0 build
> next build

npm : ÔÜá Warning: Next.js inferred your workspace 
root, but it may not be correct.
At line:1 char:1
+ npm run build -- > build_output.txt 2>&1
+ ~~~~~~~~~~~~~~~~~~~~~~~~~~~~~~~~~~~~~~~~
    + CategoryInfo          : NotSpecified: (ÔÜá Wa 
   rning: Ne...not be correct.:String) [], RemoteE  
  xception
    + FullyQualifiedErrorId : NativeCommandError
 
 We detected multiple lockfiles and selected the 
directory of C:\dev\app\package-lock.json as the 
root directory.
 To silence this warning, set `turbopack.root` in 
your Next.js config, or consider removing one of 
the lockfiles if it's not needed.
   See https://nextjs.org/docs/app/api-reference/con
fig/next-config-js/turbopack#root-directory for 
more information.
 Detected additional lockfiles: 
   * C:\dev\app\web\package-lock.json

Ôû▓ Next.js 16.1.1 (Turbopack)

  Creating an optimized production build ...
Error: Cannot apply unknown utility class 
`shadow-[4px_4px_0px_0px_rgba(0,`
    [2m[at onInvalidCandidate (C:\dev\app\web\node_
modules\tailwindcss\dist\lib.js:21:1511)][0m
    [2m[at Te (C:\dev\app\web\node_modules\tailwind
css\dist\lib.js:16:36326)][0m
    [2m[at C:\dev\app\web\node_modules\tailwindcss\
dist\lib.js:21:355][0m
    [2m[at Rr (C:\dev\app\web\node_modules\tailwind
css\dist\lib.js:3:1718)][0m
    [2m[at _ (C:\dev\app\web\node_modules\tailwindc
ss\dist\lib.js:3:1377)][0m
    [2m[at $e (C:\dev\app\web\node_modules\tailwind
css\dist\lib.js:21:172)][0m
    [2m[at un (C:\dev\app\web\node_modules\tailwind
css\dist\lib.js:38:294)][0m
    [2m[at async cn (C:\dev\app\web\node_modules\ta
ilwindcss\dist\lib.js:38:631)][0m
    [2m[at async Xr (C:\dev\app\web\node_modules\@t
ailwindcss\node\dist\index.js:10:3417)][0m
    [2m[at async I (C:\dev\app\web\node_modules\@ta
ilwindcss\postcss\dist\index.js:10:3977)][0m

> Build error occurred
Error: Turbopack build failed with 1 errors:
./web/src/app/globals.css
Error evaluating Node.js code
CssSyntaxError: tailwindcss: 
C:\dev\app\web\src\app\globals.css:1:1: Cannot 
apply unknown utility class 
`shadow-[4px_4px_0px_0px_rgba(0,`
    at Input.error 
(web/node_modules/postcss/lib/input.js:135:16) [C:\d
ev\app\web\.next\build\chunks\2374f_5c7d8cd5._.js:46
51:22]
    at Root.error 
(web/node_modules/postcss/lib/node.js:146:32) [C:\de
v\app\web\.next\build\chunks\2374f_5c7d8cd5._.js:928
:38]
    [at Object.Once (C:\dev\app\web\node_modules\@ta
ilwindcss\postcss\dist\index.js:10:6911)]
    at async LazyResult.runAsync (web/node_modules/p
ostcss/lib/lazy-result.js:293:11) [C:\dev\app\web\.n
ext\build\chunks\2374f_5c7d8cd5._.js:6206:21]
    at async transform (turbopack:///[turbopack-node
]/transforms/postcss.ts:70:34) [C:\dev\app\web\.next
\build\chunks\[root-of-the-server]__a1c54c3d._.js:14
6:36]
    at async run (turbopack:///[turbopack-node]/ipc/
evaluate.ts:92:23) [C:\dev\app\web\.next\build\chunk
s\[root-of-the-server]__0be3f5a8._.js:443:31]

Import trace:
  Client Component Browser:
    ./web/src/app/globals.css [Client Component 
Browser]
    ./web/src/app/layout.tsx [Server Component]


    at async transform (turbopack:///[turbopack-node
]/transforms/postcss.ts:70:34) [C:\dev\app\web\.next
\build\chunks\[root-of-the-server]__a1c54c3d._.js:14
6:36])
    at async run (turbopack:///[turbopack-node]/ipc/
evaluate.ts:92:23) [C:\dev\app\web\.next\build\chunk
s\[root-of-the-server]__0be3f5a8._.js:443:31])
